// Jest Snapshot v1, https://goo.gl/fbAQLP

exports[`agir renders traduire 1`] = `
<div
  className="w-100"
>
  <div
    className="hero"
  >
    <div
      className="container"
    >
      <div
        className="row row"
      >
        <div
          className="col"
        >
          <h1
            className="title"
          >
            Le programme AGIR en bref
          </h1>
          <p
            className="subtitle mb-10"
          >
            Ce programme interministériel est piloté par la Direction générale des étrangers en France (DGEF) en partenariat avec la DIHAL, la DIAIR, l’OFII et la DGEFP.
          </p>
          <a
            className="fr-btn fr-btn--lg fr-icon-arrow-right-line fr-btn--icon-right colored mb-4"
            href="#program"
            id="fr-button-:r0:"
            style={{}}
          >
            Découvrir le programme
          </a>
          <a
            className="fr-btn fr-btn--secondary fr-btn--lg fr-icon-arrow-right-line fr-btn--icon-right colored"
            href="#map"
            id="fr-button-:r1:"
            style={{}}
          >
            Trouver l’opérateur de mon territoire
          </a>
        </div>
        <div
          className="d-flex justify-content-center lg:justify-content-end col"
        >
          <img
            alt=""
            data-nimg="1"
            decoding="async"
            height={280}
            loading="lazy"
            onError={[Function]}
            onLoad={[Function]}
            src="/_next/image?url=%2Fimg.jpg&w=828&q=75"
            srcSet="/_next/image?url=%2Fimg.jpg&w=640&q=75 1x, /_next/image?url=%2Fimg.jpg&w=828&q=75 2x"
            style={
              {
                "color": "transparent",
              }
            }
            width={400}
          />
        </div>
      </div>
    </div>
  </div>
  <div
    className="nav"
  >
    <div
      className="container"
    >
      <fieldset
        className="fr-segmented fr-segmented--no-legend"
        id="fr-segmented-:r2:"
      >
        <div
          className="fr-segmented__elements"
        >
          <div
            className="fr-segmented__element"
          >
            <input
              checked={false}
              id="fr-segmented-:r2:-0"
              name="segmented-name-:r3:"
              onClick={[Function]}
              readOnly={true}
              type="radio"
            />
            <label
              className="fr-label"
              htmlFor="fr-segmented-:r2:-0"
            >
              Le programme
            </label>
          </div>
          <div
            className="fr-segmented__element"
          >
            <input
              checked={false}
              id="fr-segmented-:r2:-1"
              name="segmented-name-:r3:"
              onClick={[Function]}
              readOnly={true}
              type="radio"
            />
            <label
              className="fr-label"
              htmlFor="fr-segmented-:r2:-1"
            >
              Les opérateurs
            </label>
          </div>
          <div
            className="fr-segmented__element"
          >
            <input
              checked={false}
              id="fr-segmented-:r2:-2"
              name="segmented-name-:r3:"
              onClick={[Function]}
              readOnly={true}
              type="radio"
            />
            <label
              className="fr-label"
              htmlFor="fr-segmented-:r2:-2"
            >
              Aller plus loin
            </label>
          </div>
        </div>
      </fieldset>
    </div>
  </div>
  <div
    className="container"
  >
    <span
      className="anchor"
      id="program"
    />
    <div
      className="py-10 lg:py-20"
    >
      <span
        className="step"
      >
        1
      </span>
      <div
        className="gx-20 row"
      >
        <div
          className="col-lg-6"
        >
          <h2
            className="blue fr-display--xs"
          >
            Accompagner les bénéficiaires
          </h2>
          <p
            className="subtitle blue"
          >
            Le programme AGIR vise à systématiser l’accompagnement global des bénéficiaires de la protection internationale (BPI) vers l’emploi, le logement et l’accès aux droits.
          </p>
        </div>
        <div
          className="col-lg-6"
        >
          <ul
            className="list"
          >
            <li>
              <i
                className="fr-icon-arrow-right-line"
              />
              L’accompagnement est réalisé auprès de BPI orientés par les directions territoriales de l’OFII (DT OFII) et peut s’étendre jusqu’à 24 mois maximum.
            </li>
            <li>
              <i
                className="fr-icon-arrow-right-line"
              />
              Il concerne les bénéficiaires ayant obtenu la protection depuis moins de 24 mois.
            </li>
            <li>
              <i
                className="fr-icon-arrow-right-line"
              />
              L’accompagnement est assuré par un binôme de travailleurs sociaux et de conseillers en insertion professionnelle.
            </li>
            <li>
              <i
                className="fr-icon-arrow-right-line"
              />
              Il démarre par la signature d’un contrat d’engagements réciproques entre le BPI et l’opérateur AGIR.
            </li>
            <li>
              <i
                className="fr-icon-arrow-right-line"
              />
              Un bilan complet en matière d’accès aux droits, au logement, à l’emploi ou la formation est réalisé en début de prise en charge.
            </li>
            <li>
              <i
                className="fr-icon-arrow-right-line"
              />
              Un entretien de suivi tous les deux mois est obligatoire.
            </li>
          </ul>
        </div>
      </div>
      <div
        className="mt-10 lg:mt-20 row"
      >
        <div
          className="mb-10 lg:mb-0 col-lg-4"
        >
          <div
            className="card"
          >
            <img
              alt=""
              className="mb-8"
              data-nimg="1"
              decoding="async"
              height={80}
              loading="lazy"
              onError={[Function]}
              onLoad={[Function]}
              src="/_next/image?url=%2Fimg.jpg&w=256&q=75"
              srcSet="/_next/image?url=%2Fimg.jpg&w=96&q=75 1x, /_next/image?url=%2Fimg.jpg&w=256&q=75 2x"
              style={
                {
                  "color": "transparent",
                }
              }
              width={80}
            />
            <h3
              className="mb-4"
            >
              L’accompagnement social
            </h3>
            <p>
              Droit au séjour, obtention de documents de voyage, reconstitution de l’état-civil auprès de l’OFPRA, accès à la réunification familiale
            </p>
            <p>
              <strong>
                Accès aux prestations sociales
              </strong>
               : RSA, prestations familiales
            </p>
            <p>
              <strong>
                Appui à l’ouverture d’un compte bancaire
              </strong>
            </p>
            <p>
              <strong>
                Appui à la mobilité
              </strong>
               : échange de permis de conduire ou orientation vers un dispositif préparant à la présentation à l’examen du permis français
            </p>
            <p>
              <strong>
                Accès à l’assurance maladie
              </strong>
               : PUMA et CMU-C
            </p>
          </div>
        </div>
        <div
          className="mb-10 lg:mb-0 col-lg-4"
        >
          <div
            className="card"
          >
            <img
              alt=""
              className="mb-8"
              data-nimg="1"
              decoding="async"
              height={80}
              loading="lazy"
              onError={[Function]}
              onLoad={[Function]}
              src="/_next/image?url=%2Fimg.jpg&w=256&q=75"
              srcSet="/_next/image?url=%2Fimg.jpg&w=96&q=75 1x, /_next/image?url=%2Fimg.jpg&w=256&q=75 2x"
              style={
                {
                  "color": "transparent",
                }
              }
              width={80}
            />
            <h3
              className="mb-4"
            >
              Le logement
            </h3>
            <p>
              L’accompagnement vise à favoriser les sorties réussies des structures d’hébergement et de logement temporaire et à garantir l’accès et le maintien durable des ménages dans leur lieu de vie ainsi que dans leur environnement.
            </p>
          </div>
        </div>
        <div
          className="mb-10 lg:mb-0 col-lg-4"
        >
          <div
            className="card"
          >
            <img
              alt=""
              className="mb-8"
              data-nimg="1"
              decoding="async"
              height={80}
              loading="lazy"
              onError={[Function]}
              onLoad={[Function]}
              src="/_next/image?url=%2Fimg.jpg&w=256&q=75"
              srcSet="/_next/image?url=%2Fimg.jpg&w=96&q=75 1x, /_next/image?url=%2Fimg.jpg&w=256&q=75 2x"
              style={
                {
                  "color": "transparent",
                }
              }
              width={80}
            />
            <h3
              className="mb-4"
            >
              L’emploi
            </h3>
            <p>
              <strong>
                Réaliser un pré-diagnostic
              </strong>
               sur tous les aspects de la situation professionnelle en lien avec le bilan de la situation globale
            </p>
            <p>
              <strong>
                Assurer l’inscription à France Travail ou le suivi par la Mission locale
              </strong>
               ainsi que leur maintien dans le temps
            </p>
            <p>
              <strong>
                Orienter vers les acteurs du Service public de l’emploi (SPE)
              </strong>
               si niveau de langue requis (A2) avec mobilisation de l’offre de service SPE
            </p>
          </div>
        </div>
      </div>
    </div>
    <span
      className="anchor"
      id="operators"
    />
    <div
      className="py-10 lg:py-20"
    >
      <span
        className="step"
      >
        2
      </span>
      <div
        className="gx-20 row"
      >
        <div
          className="col-lg-6"
        >
          <h2
            className="blue fr-display--xs"
          >
            Coordonner les acteurs de l’intégration
          </h2>
          <p
            className="subtitle blue"
          >
            L’objectif du programme AGIR est de proposer un guichet unique par département pour favoriser l’intégration des BPI, pour des parcours adaptés et sans ruptures.
          </p>
        </div>
        <div
          className="col-lg-6"
        >
          <ul
            className="list"
          >
            <li>
              <i
                className="fr-icon-arrow-right-line"
              />
              L’opérateur AGIR appuie le préfet dans l’animation du réseau des acteurs de droit commun et spécialisés.
            </li>
            <li>
              <i
                className="fr-icon-arrow-right-line"
              />
              L’opérateur AGIR noue les partenariats nécessaires à l’accompagnement pour faciliter la prise en charge des BPI et répondre à tous les besoins d’intégration identifiés.
            </li>
            <li>
              <i
                className="fr-icon-arrow-right-line"
              />
              Pour identifier puis coordonner les acteurs sur le territoire, il incite au recensement des actions sur Réfugiés.info.
            </li>
            <li>
              <i
                className="fr-icon-arrow-right-line"
              />
              Permettant ainsi la constitution d’une cartographie exhaustive et pratique pour l’ensemble de l’écosystème.
            </li>
          </ul>
        </div>
      </div>
      <span
        className="anchor"
        id="map"
      />
      <div
        className="mt-10 lg:mt-20"
      >
        <h3
          className="h3"
        >
          Trouver l’opérateur de mon territoire
        </h3>
        <p>
          Sélectionner votre département sur la carte pour obtenir les coordonnées de l’opérateur sur votre territoire.
        </p>
      </div>
    </div>
  </div>
  <span
    className="anchor"
    id="next"
  />
  <div
    className="next py-10 lg:py-20"
  >
    <div
      className="container"
    >
      <h3
        className="h2"
      >
        Vous êtes acteur de l’intégration ?
      </h3>
      <p
        className="subtitle"
      >
        Découvrez Réfugiés.info et comment l’utiliser au quotidien avec vos bénéficiaires.
      </p>
      <div
        className="mt-10 lg:mt-20 cards"
      >
        <div
          className="gx-6 row"
        >
          <div
            className="mb-4 lg:mb-0 col-lg-3"
          >
            <div
              className="fr-card fr-enlarge-link fr-card--sm h-100"
              id="fr-card-:r4:"
            >
              <div
                className="fr-card__body"
              >
                <div
                  className="fr-card__content"
                >
                  <h4
                    className="fr-card__title"
                  >
                    <a
                      className=""
                      href="/recherche?undefined"
                    >
                      Je découvre +100 fiches pratiques
                    </a>
                  </h4>
                  <p
                    className="fr-card__desc"
                  >
                    Sur la CAF, le RSA, France Travail, l’ANEF, la carte vitale, le permis de conduire...
                  </p>
                  <div
                    className="fr-card__start"
                  />
                  <div
                    className="fr-card__end"
                  />
                </div>
              </div>
              <div
                className="fr-card__header"
              >
                <div
                  className="fr-card__img"
                >
                  <img
                    alt=""
                    className="fr-responsive-img"
                    src="/img.jpg"
                  />
                </div>
              </div>
            </div>
          </div>
          <div
            className="mb-4 lg:mb-0 col-lg-3"
          >
            <div
              className="fr-card fr-enlarge-link fr-card--sm h-100"
              id="fr-card-:r5:"
            >
              <div
                className="fr-card__body"
              >
                <div
                  className="fr-card__content"
                >
                  <h4
                    className="fr-card__title"
                  >
                    <a
                      className=""
                      href="/recherche"
                    >
                      Je découvre les acteurs de mon département
                    </a>
                  </h4>
                  <p
                    className="fr-card__desc"
                  >
                    Les cours de français, les formations professionnelles, les loisirs
                  </p>
                  <div
                    className="fr-card__start"
                  />
                  <div
                    className="fr-card__end"
                  />
                </div>
              </div>
              <div
                className="fr-card__header"
              >
                <div
                  className="fr-card__img"
                >
                  <img
                    alt=""
                    className="fr-responsive-img"
                    src="/img.jpg"
                  />
                </div>
              </div>
            </div>
          </div>
          <div
            className="mb-4 lg:mb-0 col-lg-3"
          >
            <div
              className="fr-card fr-enlarge-link fr-card--sm h-100"
              id="fr-card-:r6:"
            >
              <div
                className="fr-card__body"
              >
                <div
                  className="fr-card__content"
                >
                  <h4
                    className="fr-card__title"
                  >
                    <a
                      className=""
                      href="/publier"
                    >
                      Je recense mon action sur Réfugiés.info
                    </a>
                  </h4>
                  <p
                    className="fr-card__desc"
                  >
                    Vous êtes porteur d’un dispositif ? Recensez-le sur Réfugiés.info
                  </p>
                  <div
                    className="fr-card__start"
                  />
                  <div
                    className="fr-card__end"
                  />
                </div>
              </div>
              <div
                className="fr-card__header"
              >
                <div
                  className="fr-card__img"
                >
                  <img
                    alt=""
                    className="fr-responsive-img"
                    src="/img.jpg"
                  />
                </div>
              </div>
            </div>
          </div>
          <div
            className="mb-4 lg:mb-0 col-lg-3"
          >
            <div
              className="fr-card fr-enlarge-link fr-card--sm h-100"
              id="fr-card-:r7:"
            >
              <div
                className="fr-card__body"
              >
                <div
                  className="fr-card__content"
                >
                  <h4
                    className="fr-card__title"
                  >
                    <a
                      className=""
                      href="https://kit.refugies.info/formation/"
                      target="_blank"
                    >
                      Je participe à un webinaire gratuit
                    </a>
                  </h4>
                  <p
                    className="fr-card__desc"
                  >
                    Comment utiliser Réfugiés.info avec vos bénéficiaires au quotidien
                  </p>
                  <div
                    className="fr-card__start"
                  />
                  <div
                    className="fr-card__end"
                  />
                </div>
              </div>
              <div
                className="fr-card__header"
              >
                <div
                  className="fr-card__img"
                >
                  <img
                    alt=""
                    className="fr-responsive-img"
                    src="/img.jpg"
                  />
                </div>
              </div>
            </div>
          </div>
        </div>
      </div>
    </div>
  </div>
</div>
`;
