// Jest Snapshot v1, https://goo.gl/fbAQLP

exports[`auth renders auth 1`] = `
<div
  className="container half"
>
  <button
    className="fr-btn fr-btn--tertiary fr-btn--sm fr-icon-arrow-left-line fr-btn--icon-left"
    id="fr-button-:r0:"
    onClick={[Function]}
    style={{}}
  >
    Retour
  </button>
  <div
    className="title"
  >
    <h1>
      Bienvenue !
    </h1>
    <p
      className="subtitle"
    >
      Votre compte Réfugiés.info vous permet d’avoir une expérience personnalisée.
    </p>
  </div>
  <form
    onSubmit={[Function]}
  >
    <div
      className="fr-input-group"
    >
      <label
        className="fr-label"
        htmlFor="input-:r1:"
      >
        Adresse mail
      </label>
      <input
        aria-describedby="input-:r1:-desc-error"
        autoFocus={true}
        className="fr-input"
        id="input-:r1:"
        onChange={[Function]}
        type="email"
        value=""
      />
    </div>
    <button
      className="fr-btn fr-icon-arrow-right-line fr-btn--icon-right button"
      disabled={false}
      id="fr-button-:r2:"
      style={{}}
      type="submit"
    >
      Continuer
    </button>
  </form>
  <div
    className="separator mx"
  >
    <span>
      ou connectez-vous avec
    </span>
  </div>
  <button
    className="fr-btn fr-btn--tertiary button mb-4"
    id="fr-button-:r3:"
    onClick={[Function]}
    style={{}}
  >
    <img
      alt=""
      className="me-2"
      data-nimg="1"
      decoding="async"
      height={24}
      loading="lazy"
      onError={[Function]}
      onLoad={[Function]}
      src="/_next/image?url=%2Fimg.jpg&w=48&q=75"
      srcSet="/_next/image?url=%2Fimg.jpg&w=32&q=75 1x, /_next/image?url=%2Fimg.jpg&w=48&q=75 2x"
      style={
        {
          "color": "transparent",
        }
      }
      width={24}
    />
    Google
  </button>
  <button
    className="fr-btn fr-btn--tertiary button mb-4"
    id="fr-button-:r4:"
    onClick={[Function]}
    style={{}}
  >
    <img
      alt=""
      className="me-2"
      data-nimg="1"
      decoding="async"
      height={24}
      loading="lazy"
      onError={[Function]}
      onLoad={[Function]}
      src="/_next/image?url=%2Fimg.jpg&w=48&q=75"
      srcSet="/_next/image?url=%2Fimg.jpg&w=32&q=75 1x, /_next/image?url=%2Fimg.jpg&w=48&q=75 2x"
      style={
        {
          "color": "transparent",
        }
      }
      width={24}
    />
    <img
      alt=""
      className="me-2"
      data-nimg="1"
      decoding="async"
      height={24}
      loading="lazy"
      onError={[Function]}
      onLoad={[Function]}
      src="/_next/image?url=%2Fimg.jpg&w=48&q=75"
      srcSet="/_next/image?url=%2Fimg.jpg&w=32&q=75 1x, /_next/image?url=%2Fimg.jpg&w=48&q=75 2x"
      style={
        {
          "color": "transparent",
        }
      }
      width={24}
    />
    Microsoft ou Outlook
  </button>
</div>
`;
