// Jest Snapshot v1, https://goo.gl/fbAQLP

exports[`auth/connexion renders code-connexion if email 1`] = `
<div
  className="container half"
>
  <button
    className="fr-btn fr-btn--tertiary fr-btn--sm fr-icon-arrow-left-line fr-btn--icon-left"
    id="fr-button-:r6:"
    onClick={[Function]}
    style={{}}
  >
    Retour
  </button>
  <div
    className="title"
  >
    <h1>
      Entrez le code reçu
    </h1>
    <p
      className="subtitle"
    >
      Un code temporaire à 6 chiffres vous a été envoyé à 
      test@example.com
      .
       
      <a
        className="text-decoration-underline"
        href="/auth"
        onClick={[Function]}
        onMouseEnter={[Function]}
        onTouchStart={[Function]}
      >
        Ce n'est pas vous ?
      </a>
    </p>
  </div>
  <form
    onSubmit={[Function]}
  >
    <div
      className="fr-input-group mb-0"
    >
      <label
        className="fr-label"
        htmlFor="input-:r7:"
      >
        Code de connexion temporaire
      </label>
      <input
        aria-describedby="input-:r7:-desc-error"
        autoFocus={true}
        className="fr-input"
        id="input-:r7:"
        name="code"
        onChange={[Function]}
        type="text"
        value=""
      />
    </div>
    <button
      className="fr-btn fr-icon-check-line fr-btn--icon-right button mt mb-4"
      id="fr-button-:r8:"
      style={{}}
      type="submit"
    >
      Valider
    </button>
    <button
      className="fr-btn fr-btn--tertiary fr-icon-mail-line fr-btn--icon-right button"
      id="fr-button-:r9:"
      onClick={[Function]}
      style={{}}
    >
      Renvoyer le code
    </button>
  </form>
  <div
    className="mb-4 space_top row"
  >
    <div
      className="col"
    >
      <a
        className="fr-btn fr-btn--tertiary button"
        href="https://mail.google.com/mail/u/0/"
        id="fr-button-:ra:"
        style={{}}
      >
        <img
          alt=""
          className="me-2"
          data-nimg="1"
          decoding="async"
          height={24}
          loading="lazy"
          onError={[Function]}
          onLoad={[Function]}
          src="/_next/image?url=%2Fimg.jpg&w=48&q=75"
          srcSet="/_next/image?url=%2Fimg.jpg&w=32&q=75 1x, /_next/image?url=%2Fimg.jpg&w=48&q=75 2x"
          style={
            {
              "color": "transparent",
            }
          }
          width={24}
        />
        Ouvrir Gmail
      </a>
    </div>
    <div
      className="col"
    >
      <a
        className="fr-btn fr-btn--tertiary button"
        href="https://outlook.live.com/mail/0/"
        id="fr-button-:rb:"
        style={{}}
      >
        <img
          alt=""
          className="me-2"
          data-nimg="1"
          decoding="async"
          height={24}
          loading="lazy"
          onError={[Function]}
          onLoad={[Function]}
          src="/_next/image?url=%2Fimg.jpg&w=48&q=75"
          srcSet="/_next/image?url=%2Fimg.jpg&w=32&q=75 1x, /_next/image?url=%2Fimg.jpg&w=48&q=75 2x"
          style={
            {
              "color": "transparent",
            }
          }
          width={24}
        />
        Ouvrir Outlook
      </a>
    </div>
  </div>
  <p
    className="small mt-6 text-center"
  >
    Pensez à vérifiez votre courrier indésirable !
  </p>
</div>
`;

exports[`auth/connexion renders null if no email 1`] = `null`;
