// Jest Snapshot v1, https://goo.gl/fbAQLP

exports[`LanguageChoiceScreen should render correctly 1`] = `
<View
  style={
    Array [
      Object {
        "display": "flex",
        "flexBasis": 0,
        "flexGrow": 1,
        "flexShrink": 1,
      },
    ]
  }
>
  <RNCSafeAreaView
    style={
      Array [
        Object {
          "backgroundColor": "transparent",
          "zIndex": 2,
        },
      ]
    }
  >
    <View
      isRTL={false}
      style={
        Array [
          Object {
            "alignItems": "center",
            "backgroundColor": "transparent",
            "display": "flex",
            "flexDirection": "row",
            "justifyContent": "space-between",
            "paddingLeft": 24,
            "paddingRight": 24,
            "paddingTop": 8,
          },
        ]
      }
    >
      <react-native-svg
        height={40}
        width={58}
      />
      <View
        style={
          Array [
            Object {
              "alignItems": "center",
              "display": "flex",
              "flexDirection": "row",
            },
          ]
        }
      >
        <View
          accessible={true}
          focusable={false}
          onClick={[Function]}
          onResponderGrant={[Function]}
          onResponderMove={[Function]}
          onResponderRelease={[Function]}
          onResponderTerminate={[Function]}
          onResponderTerminationRequest={[Function]}
          onStartShouldSetResponder={[Function]}
          style={
            Object {
              "backgroundColor": "#FFFFFF",
              "borderRadius": 12,
              "elevation": 1,
              "opacity": 1,
              "paddingBottom": 12,
              "paddingLeft": 12,
              "paddingRight": 12,
              "paddingTop": 12,
              "shadowColor": "rgba(33, 33, 33, 0.1)",
              "shadowOffset": Object {
                "height": 0,
                "width": 0,
              },
              "shadowOpacity": 1,
              "shadowRadius": 40,
            }
          }
        >
          <View
            style={
              Object {
                "transform": Array [
                  Object {
                    "scale": 1,
                  },
                ],
              }
            }
          >
            <RNSVGSvgView
              align="xMidYMid"
              bbHeight={24}
              bbWidth={24}
              fill="#212121"
              focusable={false}
              height={24}
              meetOrSlice={0}
              minX={0}
              minY={0}
              style={
                Array [
                  Object {
                    "backgroundColor": "transparent",
                    "borderWidth": 0,
                  },
                  Object {
                    "flex": 0,
                    "height": 24,
                    "width": 24,
                  },
                ]
              }
              vbHeight={24}
              vbWidth={24}
              width={24}
            >
              <RNSVGGroup
                fill={4280361249}
                propList={
                  Array [
                    "fill",
                  ]
                }
              >
                <RNSVGGroup>
                  <RNSVGGroup>
                    <RNSVGRect
                      height="24"
                      opacity={0}
                      width="24"
                      x={0}
                      y={0}
                    />
                    <RNSVGPath
                      d="M18.28 8.37a1 1 0 1 0-1.56 1.26 4 4 0 0 1 0 4.74A1 1 0 0 0 17.5 16a1 1 0 0 0 .78-.37 6 6 0 0 0 0-7.26z"
                    />
                    <RNSVGPath
                      d="M19.64 5.23a1 1 0 1 0-1.28 1.54A6.8 6.8 0 0 1 21 12a6.8 6.8 0 0 1-2.64 5.23 1 1 0 0 0-.13 1.41A1 1 0 0 0 19 19a1 1 0 0 0 .64-.23A8.75 8.75 0 0 0 23 12a8.75 8.75 0 0 0-3.36-6.77z"
                    />
                    <RNSVGPath
                      d="M15 3.12a1 1 0 0 0-1 0L7.52 7.57h-5a1 1 0 0 0-1 1v6.86a1 1 0 0 0 1 1h5l6.41 4.4a1.06 1.06 0 0 0 .57.17 1 1 0 0 0 1-1V4a1 1 0 0 0-.5-.88zm-1.47 15L8.4 14.6a1 1 0 0 0-.57-.17H3.5V9.57h4.33a1 1 0 0 0 .57-.17l5.1-3.5z"
                    />
                  </RNSVGGroup>
                </RNSVGGroup>
              </RNSVGGroup>
            </RNSVGSvgView>
          </View>
        </View>
      </View>
    </View>
  </RNCSafeAreaView>
  <View
    style={
      Array [
        Object {
          "display": "flex",
          "flexBasis": 0,
          "flexDirection": "column",
          "flexGrow": 1,
          "flexShrink": 1,
          "justifyContent": "center",
          "paddingHorizontal": 16,
        },
      ]
    }
  >
    <View
      accessible={true}
      focusable={true}
      onClick={[Function]}
      onResponderGrant={[Function]}
      onResponderMove={[Function]}
      onResponderRelease={[Function]}
      onResponderTerminate={[Function]}
      onResponderTerminationRequest={[Function]}
      onStartShouldSetResponder={[Function]}
      style={
        Object {
          "alignItems": "center",
          "backgroundColor": "#FFFFFF",
          "borderRadius": 12,
          "display": "flex",
          "elevation": 1,
          "flexDirection": "row",
          "flexWrap": "wrap",
          "justifyContent": "space-between",
          "marginVertical": 8,
          "opacity": 1,
          "paddingBottom": 16,
          "paddingLeft": 16,
          "paddingRight": 16,
          "paddingTop": 16,
          "shadowColor": "rgba(33, 33, 33, 0.24)",
          "shadowOffset": Object {
            "height": 8,
            "width": 0,
          },
          "shadowOpacity": 1,
          "shadowRadius": 16,
        }
      }
      testID="test-language-button-Français"
    >
      <View
        style={
          Array [
            Object {
              "alignItems": "center",
              "display": "flex",
              "flexDirection": "row",
            },
          ]
        }
      >
        <View
          style={
            Array [
              Object {
                "alignItems": "center",
                "backgroundColor": "#FFFFFF",
                "borderRadius": 4,
                "display": "flex",
                "height": 17,
                "justifyContent": "center",
                "marginBottom": 4,
                "marginLeft": 4,
                "marginRight": 4,
                "marginTop": 4,
                "width": 22,
              },
            ]
          }
        >
          <react-native-svg
            height={15}
            width={20}
          />
        </View>
        <Text
          style={
            Array [
              Object {
                "color": "#212121",
                "flexShrink": 1,
                "fontFamily": "circularBold",
                "fontSize": 16,
                "lineHeight": 20,
                "marginLeft": 8,
                "textAlign": "left",
              },
            ]
          }
        >
          Français
        </Text>
      </View>
    </View>
    <View
      accessible={true}
      focusable={true}
      onClick={[Function]}
      onResponderGrant={[Function]}
      onResponderMove={[Function]}
      onResponderRelease={[Function]}
      onResponderTerminate={[Function]}
      onResponderTerminationRequest={[Function]}
      onStartShouldSetResponder={[Function]}
      style={
        Object {
          "alignItems": "center",
          "backgroundColor": "#FFFFFF",
          "borderRadius": 12,
          "display": "flex",
          "elevation": 1,
          "flexDirection": "row",
          "flexWrap": "wrap",
          "justifyContent": "space-between",
          "marginVertical": 8,
          "opacity": 1,
          "paddingBottom": 16,
          "paddingLeft": 16,
          "paddingRight": 16,
          "paddingTop": 16,
          "shadowColor": "rgba(33, 33, 33, 0.24)",
          "shadowOffset": Object {
            "height": 8,
            "width": 0,
          },
          "shadowOpacity": 1,
          "shadowRadius": 16,
        }
      }
      testID="test-language-button-Persan/Dari"
    >
      <View
        style={
          Array [
            Object {
              "alignItems": "center",
              "display": "flex",
              "flexDirection": "row",
            },
          ]
        }
      >
        <View
          style={
            Array [
              Object {
                "alignItems": "center",
                "backgroundColor": "#FFFFFF",
                "borderRadius": 4,
                "display": "flex",
                "height": 17,
                "justifyContent": "center",
                "marginBottom": 4,
                "marginLeft": 4,
                "marginRight": 4,
                "marginTop": 4,
                "width": 22,
              },
            ]
          }
        >
          <react-native-svg
            height={15}
            width={20}
          />
        </View>
        <Text
          style={
            Array [
              Object {
                "color": "#212121",
                "flexShrink": 1,
                "fontFamily": "circularBold",
                "fontSize": 16,
                "lineHeight": 20,
                "marginLeft": 8,
                "textAlign": "left",
              },
            ]
          }
        >
          Persan/Dari
        </Text>
        <View
          style={
            Array [
              Object {
                "alignItems": "center",
                "display": "flex",
                "flexDirection": "row",
              },
            ]
          }
        >
          <Text
            style={
              Array [
                Object {
                  "color": "#212121",
                  "fontFamily": "circularBook",
                  "fontSize": 16,
                  "lineHeight": 20,
                  "textAlign": "left",
                },
              ]
            }
          >
             - 
          </Text>
          <Text
            style={
              Array [
                Object {
                  "color": "#212121",
                  "fontFamily": "circularBook",
                  "fontSize": 16,
                  "lineHeight": 20,
                  "textAlign": "left",
                },
              ]
            }
          >
            فارسی/ دری
          </Text>
        </View>
      </View>
    </View>
    <View
      accessible={true}
      focusable={true}
      onClick={[Function]}
      onResponderGrant={[Function]}
      onResponderMove={[Function]}
      onResponderRelease={[Function]}
      onResponderTerminate={[Function]}
      onResponderTerminationRequest={[Function]}
      onStartShouldSetResponder={[Function]}
      style={
        Object {
          "alignItems": "center",
          "backgroundColor": "#FFFFFF",
          "borderRadius": 12,
          "display": "flex",
          "elevation": 1,
          "flexDirection": "row",
          "flexWrap": "wrap",
          "justifyContent": "space-between",
          "marginVertical": 8,
          "opacity": 1,
          "paddingBottom": 16,
          "paddingLeft": 16,
          "paddingRight": 16,
          "paddingTop": 16,
          "shadowColor": "rgba(33, 33, 33, 0.24)",
          "shadowOffset": Object {
            "height": 8,
            "width": 0,
          },
          "shadowOpacity": 1,
          "shadowRadius": 16,
        }
      }
      testID="test-language-button-Arabe"
    >
      <View
        style={
          Array [
            Object {
              "alignItems": "center",
              "display": "flex",
              "flexDirection": "row",
            },
          ]
        }
      >
        <View
          style={
            Array [
              Object {
                "alignItems": "center",
                "backgroundColor": "#FFFFFF",
                "borderRadius": 4,
                "display": "flex",
                "height": 17,
                "justifyContent": "center",
                "marginBottom": 4,
                "marginLeft": 4,
                "marginRight": 4,
                "marginTop": 4,
                "width": 22,
              },
            ]
          }
        >
          <react-native-svg
            height={15}
            width={20}
          />
        </View>
        <Text
          style={
            Array [
              Object {
                "color": "#212121",
                "flexShrink": 1,
                "fontFamily": "circularBold",
                "fontSize": 16,
                "lineHeight": 20,
                "marginLeft": 8,
                "textAlign": "left",
              },
            ]
          }
        >
          Arabe
        </Text>
        <View
          style={
            Array [
              Object {
                "alignItems": "center",
                "display": "flex",
                "flexDirection": "row",
              },
            ]
          }
        >
          <Text
            style={
              Array [
                Object {
                  "color": "#212121",
                  "fontFamily": "circularBook",
                  "fontSize": 16,
                  "lineHeight": 20,
                  "textAlign": "left",
                },
              ]
            }
          >
             - 
          </Text>
          <Text
            style={
              Array [
                Object {
                  "color": "#212121",
                  "fontFamily": "circularBook",
                  "fontSize": 16,
                  "lineHeight": 20,
                  "textAlign": "left",
                },
              ]
            }
          >
            العربية
          </Text>
        </View>
      </View>
    </View>
    <View
      accessible={true}
      focusable={true}
      onClick={[Function]}
      onResponderGrant={[Function]}
      onResponderMove={[Function]}
      onResponderRelease={[Function]}
      onResponderTerminate={[Function]}
      onResponderTerminationRequest={[Function]}
      onStartShouldSetResponder={[Function]}
      style={
        Object {
          "alignItems": "center",
          "backgroundColor": "#FFFFFF",
          "borderRadius": 12,
          "display": "flex",
          "elevation": 1,
          "flexDirection": "row",
          "flexWrap": "wrap",
          "justifyContent": "space-between",
          "marginVertical": 8,
          "opacity": 1,
          "paddingBottom": 16,
          "paddingLeft": 16,
          "paddingRight": 16,
          "paddingTop": 16,
          "shadowColor": "rgba(33, 33, 33, 0.24)",
          "shadowOffset": Object {
            "height": 8,
            "width": 0,
          },
          "shadowOpacity": 1,
          "shadowRadius": 16,
        }
      }
      testID="test-language-button-Anglais"
    >
      <View
        style={
          Array [
            Object {
              "alignItems": "center",
              "display": "flex",
              "flexDirection": "row",
            },
          ]
        }
      >
        <View
          style={
            Array [
              Object {
                "alignItems": "center",
                "backgroundColor": "#FFFFFF",
                "borderRadius": 4,
                "display": "flex",
                "height": 17,
                "justifyContent": "center",
                "marginBottom": 4,
                "marginLeft": 4,
                "marginRight": 4,
                "marginTop": 4,
                "width": 22,
              },
            ]
          }
        >
          <react-native-svg
            height={15}
            width={20}
          />
        </View>
        <Text
          style={
            Array [
              Object {
                "color": "#212121",
                "flexShrink": 1,
                "fontFamily": "circularBold",
                "fontSize": 16,
                "lineHeight": 20,
                "marginLeft": 8,
                "textAlign": "left",
              },
            ]
          }
        >
          Anglais
        </Text>
        <View
          style={
            Array [
              Object {
                "alignItems": "center",
                "display": "flex",
                "flexDirection": "row",
              },
            ]
          }
        >
          <Text
            style={
              Array [
                Object {
                  "color": "#212121",
                  "fontFamily": "circularBook",
                  "fontSize": 16,
                  "lineHeight": 20,
                  "textAlign": "left",
                },
              ]
            }
          >
             - 
          </Text>
          <Text
            style={
              Array [
                Object {
                  "color": "#212121",
                  "fontFamily": "circularBook",
                  "fontSize": 16,
                  "lineHeight": 20,
                  "textAlign": "left",
                },
              ]
            }
          >
            English
          </Text>
        </View>
      </View>
    </View>
    <View
      accessible={true}
      focusable={true}
      onClick={[Function]}
      onResponderGrant={[Function]}
      onResponderMove={[Function]}
      onResponderRelease={[Function]}
      onResponderTerminate={[Function]}
      onResponderTerminationRequest={[Function]}
      onStartShouldSetResponder={[Function]}
      style={
        Object {
          "alignItems": "center",
          "backgroundColor": "#FFFFFF",
          "borderRadius": 12,
          "display": "flex",
          "elevation": 1,
          "flexDirection": "row",
          "flexWrap": "wrap",
          "justifyContent": "space-between",
          "marginVertical": 8,
          "opacity": 1,
          "paddingBottom": 16,
          "paddingLeft": 16,
          "paddingRight": 16,
          "paddingTop": 16,
          "shadowColor": "rgba(33, 33, 33, 0.24)",
          "shadowOffset": Object {
            "height": 8,
            "width": 0,
          },
          "shadowOpacity": 1,
          "shadowRadius": 16,
        }
      }
      testID="test-language-button-Pachto"
    >
      <View
        style={
          Array [
            Object {
              "alignItems": "center",
              "display": "flex",
              "flexDirection": "row",
            },
          ]
        }
      >
        <View
          style={
            Array [
              Object {
                "alignItems": "center",
                "backgroundColor": "#FFFFFF",
                "borderRadius": 4,
                "display": "flex",
                "height": 17,
                "justifyContent": "center",
                "marginBottom": 4,
                "marginLeft": 4,
                "marginRight": 4,
                "marginTop": 4,
                "width": 22,
              },
            ]
          }
        >
          <react-native-svg
            height={15}
            width={20}
          />
        </View>
        <Text
          style={
            Array [
              Object {
                "color": "#212121",
                "flexShrink": 1,
                "fontFamily": "circularBold",
                "fontSize": 16,
                "lineHeight": 20,
                "marginLeft": 8,
                "textAlign": "left",
              },
            ]
          }
        >
          Pachto
        </Text>
        <View
          style={
            Array [
              Object {
                "alignItems": "center",
                "display": "flex",
                "flexDirection": "row",
              },
            ]
          }
        >
          <Text
            style={
              Array [
                Object {
                  "color": "#212121",
                  "fontFamily": "circularBook",
                  "fontSize": 16,
                  "lineHeight": 20,
                  "textAlign": "left",
                },
              ]
            }
          >
             - 
          </Text>
          <Text
            style={
              Array [
                Object {
                  "color": "#212121",
                  "fontFamily": "circularBook",
                  "fontSize": 16,
                  "lineHeight": 20,
                  "textAlign": "left",
                },
              ]
            }
          >
            پښتو
          </Text>
        </View>
      </View>
    </View>
    <View
      accessible={true}
      focusable={true}
      onClick={[Function]}
      onResponderGrant={[Function]}
      onResponderMove={[Function]}
      onResponderRelease={[Function]}
      onResponderTerminate={[Function]}
      onResponderTerminationRequest={[Function]}
      onStartShouldSetResponder={[Function]}
      style={
        Object {
          "alignItems": "center",
          "backgroundColor": "#FFFFFF",
          "borderRadius": 12,
          "display": "flex",
          "elevation": 1,
          "flexDirection": "row",
          "flexWrap": "wrap",
          "justifyContent": "space-between",
          "marginVertical": 8,
          "opacity": 1,
          "paddingBottom": 16,
          "paddingLeft": 16,
          "paddingRight": 16,
          "paddingTop": 16,
          "shadowColor": "rgba(33, 33, 33, 0.24)",
          "shadowOffset": Object {
            "height": 8,
            "width": 0,
          },
          "shadowOpacity": 1,
          "shadowRadius": 16,
        }
      }
      testID="test-language-button-Russe"
    >
      <View
        style={
          Array [
            Object {
              "alignItems": "center",
              "display": "flex",
              "flexDirection": "row",
            },
          ]
        }
      >
        <View
          style={
            Array [
              Object {
                "alignItems": "center",
                "backgroundColor": "#FFFFFF",
                "borderRadius": 4,
                "display": "flex",
                "height": 17,
                "justifyContent": "center",
                "marginBottom": 4,
                "marginLeft": 4,
                "marginRight": 4,
                "marginTop": 4,
                "width": 22,
              },
            ]
          }
        >
          <react-native-svg
            height={15}
            width={20}
          />
        </View>
        <Text
          style={
            Array [
              Object {
                "color": "#212121",
                "flexShrink": 1,
                "fontFamily": "circularBold",
                "fontSize": 16,
                "lineHeight": 20,
                "marginLeft": 8,
                "textAlign": "left",
              },
            ]
          }
        >
          Russe
        </Text>
        <View
          style={
            Array [
              Object {
                "alignItems": "center",
                "display": "flex",
                "flexDirection": "row",
              },
            ]
          }
        >
          <Text
            style={
              Array [
                Object {
                  "color": "#212121",
                  "fontFamily": "circularBook",
                  "fontSize": 16,
                  "lineHeight": 20,
                  "textAlign": "left",
                },
              ]
            }
          >
             - 
          </Text>
          <Text
            style={
              Array [
                Object {
                  "color": "#212121",
                  "fontFamily": "circularBook",
                  "fontSize": 16,
                  "lineHeight": 20,
                  "textAlign": "left",
                },
              ]
            }
          >
            Русский
          </Text>
        </View>
      </View>
    </View>
    <View
      accessible={true}
      focusable={true}
      onClick={[Function]}
      onResponderGrant={[Function]}
      onResponderMove={[Function]}
      onResponderRelease={[Function]}
      onResponderTerminate={[Function]}
      onResponderTerminationRequest={[Function]}
      onStartShouldSetResponder={[Function]}
      style={
        Object {
          "alignItems": "center",
          "backgroundColor": "#FFFFFF",
          "borderRadius": 12,
          "display": "flex",
          "elevation": 1,
          "flexDirection": "row",
          "flexWrap": "wrap",
          "justifyContent": "space-between",
          "marginVertical": 8,
          "opacity": 1,
          "paddingBottom": 16,
          "paddingLeft": 16,
          "paddingRight": 16,
          "paddingTop": 16,
          "shadowColor": "rgba(33, 33, 33, 0.24)",
          "shadowOffset": Object {
            "height": 8,
            "width": 0,
          },
          "shadowOpacity": 1,
          "shadowRadius": 16,
        }
      }
      testID="test-language-button-Tigrinya"
    >
      <View
        style={
          Array [
            Object {
              "alignItems": "center",
              "display": "flex",
              "flexDirection": "row",
            },
          ]
        }
      >
        <View
          style={
            Array [
              Object {
                "alignItems": "center",
                "backgroundColor": "#FFFFFF",
                "borderRadius": 4,
                "display": "flex",
                "height": 17,
                "justifyContent": "center",
                "marginBottom": 4,
                "marginLeft": 4,
                "marginRight": 4,
                "marginTop": 4,
                "width": 22,
              },
            ]
          }
        >
          <react-native-svg
            height={15}
            width={20}
          />
        </View>
        <Text
          style={
            Array [
              Object {
                "color": "#212121",
                "flexShrink": 1,
                "fontFamily": "circularBold",
                "fontSize": 16,
                "lineHeight": 20,
                "marginLeft": 8,
                "textAlign": "left",
              },
            ]
          }
        >
          Tigrinya
        </Text>
        <View
          style={
            Array [
              Object {
                "alignItems": "center",
                "display": "flex",
                "flexDirection": "row",
              },
            ]
          }
        >
          <Text
            style={
              Array [
                Object {
                  "color": "#212121",
                  "fontFamily": "circularBook",
                  "fontSize": 16,
                  "lineHeight": 20,
                  "textAlign": "left",
                },
              ]
            }
          >
             - 
          </Text>
          <Text
            style={
              Array [
                Object {
                  "color": "#212121",
                  "fontFamily": "circularBook",
                  "fontSize": 16,
                  "lineHeight": 20,
                  "textAlign": "left",
                },
              ]
            }
          >
            ትግርኛ
          </Text>
        </View>
      </View>
    </View>
  </View>
</View>
`;
