// Jest Snapshot v1, https://goo.gl/fbAQLP

exports[`auth renders auth 1`] = `
<DocumentFragment>
  <div
    class="container half"
  >
    <button
      class="fr-btn fr-btn--tertiary fr-btn--sm fr-icon-arrow-left-line fr-btn--icon-left"
      id="fr-button-:r0:"
    >
      Retour
    </button>
    <div
      class="title"
    >
      <h1>
        Bienvenue !
      </h1>
      <p
        class="subtitle"
      >
        Votre compte Réfugiés.info vous permet d’avoir une expérience personnalisée.
      </p>
    </div>
    <form>
      <div
        class="fr-input-group"
      >
        <label
          class="fr-label"
          for="input-:r1:"
        >
          Adresse mail
        </label>
        <input
          aria-describedby="input-:r1:-desc-error"
          class="fr-input"
          id="input-:r1:"
          type="email"
          value=""
        />
      </div>
      <button
        class="fr-btn fr-icon-arrow-right-line fr-btn--icon-right button"
        id="fr-button-:r2:"
        type="submit"
      >
        Continuer
      </button>
    </form>
    <div
      class="separator mx"
    >
      <span>
        ou connectez-vous avec
      </span>
    </div>
    <button
      class="fr-btn fr-btn--tertiary button mb-4"
      id="fr-button-:r3:"
    >
      <img
        alt=""
        class="me-2"
        data-nimg="1"
        decoding="async"
        height="24"
        loading="lazy"
        src="/_next/image?url=%2Fimg.jpg&w=48&q=75"
        srcset="/_next/image?url=%2Fimg.jpg&w=32&q=75 1x, /_next/image?url=%2Fimg.jpg&w=48&q=75 2x"
        style="color: transparent;"
        width="24"
      />
      Google
    </button>
    <button
      class="fr-btn fr-btn--tertiary button mb-4"
      id="fr-button-:r4:"
    >
      <img
        alt=""
        class="me-2"
        data-nimg="1"
        decoding="async"
        height="24"
        loading="lazy"
        src="/_next/image?url=%2Fimg.jpg&w=48&q=75"
        srcset="/_next/image?url=%2Fimg.jpg&w=32&q=75 1x, /_next/image?url=%2Fimg.jpg&w=48&q=75 2x"
        style="color: transparent;"
        width="24"
      />
      <img
        alt=""
        class="me-2"
        data-nimg="1"
        decoding="async"
        height="24"
        loading="lazy"
        src="/_next/image?url=%2Fimg.jpg&w=48&q=75"
        srcset="/_next/image?url=%2Fimg.jpg&w=32&q=75 1x, /_next/image?url=%2Fimg.jpg&w=48&q=75 2x"
        style="color: transparent;"
        width="24"
      />
      Microsoft ou Outlook
    </button>
  </div>
</DocumentFragment>
`;
