// Jest Snapshot v1, https://goo.gl/fbAQLP

exports[`Content snapshot test suite should render without bug 1`] = `
<View
  style={
    [
      {
        "paddingBottom": 24,
        "paddingLeft": 24,
        "paddingRight": 24,
        "paddingTop": 24,
      },
    ]
  }
>
  <Text>
    Test
  </Text>
  <Text>
    Test
  </Text>
  <Text>
    Test
  </Text>
  <Text>
    Test
  </Text>
</View>
`;
