// Jest Snapshot v1, https://goo.gl/fbAQLP

exports[`Title snapshot test suite should render without bug 1`] = `
<Text
  isRTL={false}
  selectable={true}
  style={
    Array [
      Object {
        "color": "#212121",
        "fontFamily": "circularBold",
        "fontSize": 25,
        "lineHeight": 32,
        "marginBottom": 16,
        "textAlign": "left",
      },
    ]
  }
>
  Mon titre
</Text>
`;
