// Jest Snapshot v1, https://goo.gl/fbAQLP

exports[`auth/reinitialiser-mot-de-passe/mail-envoye renders page 1`] = `
<DocumentFragment>
  <div
    class="container half"
  >
    <button
      class="fr-btn fr-btn--tertiary fr-btn--sm fr-icon-arrow-left-line fr-btn--icon-left"
      id="fr-button-:r0:"
    >
      Retour
    </button>
    <div
      class="title"
    >
      <h1>
        Un lien a été envoyé
      </h1>
      <p
        class="subtitle"
      >
        Nous venons de vous envoyer un mail pour réinitialiser votre mot de passe à l’adresse suivante : test@example.com.
        <br />
        <br />
        Si vous ne recevez pas de mail d’ici quelques minutes, pensez à vérifier vos courriers indésirables ou vos spams.
      </p>
    </div>
    <button
      class="fr-btn fr-icon-mail-line fr-btn--icon-right button mb-4"
      id="fr-button-:r1:"
    >
      Renvoyer le lien de réinitialisation
    </button>
    <button
      class="fr-btn fr-btn--tertiary button"
      id="fr-button-:r2:"
    >
      Contacter le chat
    </button>
  </div>
  <div
    aria-label="Notifications (F8)"
    role="region"
    style="pointer-events: none;"
    tabindex="-1"
  >
    <ol
      tabindex="-1"
    />
  </div>
</DocumentFragment>
`;
