// Jest Snapshot v1, https://goo.gl/fbAQLP

exports[`HeaderWithLogo should render correctly with LTR 1`] = `
<RNCSafeAreaView
  style={
    Array [
      Object {
        "backgroundColor": "transparent",
        "zIndex": 2,
      },
    ]
  }
>
  <View
    isRTL={false}
    style={
      Array [
        Object {
          "alignItems": "center",
          "backgroundColor": "transparent",
          "display": "flex",
          "flexDirection": "row",
          "justifyContent": "space-between",
          "paddingLeft": 24,
          "paddingRight": 24,
          "paddingTop": 8,
        },
      ]
    }
  >
    <react-native-svg
      height={40}
      width={58}
    />
    <View
      style={
        Array [
          Object {
            "alignItems": "center",
            "display": "flex",
            "flexDirection": "row",
          },
        ]
      }
    >
      <View />
      <View
        accessible={true}
        focusable={false}
        onClick={[Function]}
        onResponderGrant={[Function]}
        onResponderMove={[Function]}
        onResponderRelease={[Function]}
        onResponderTerminate={[Function]}
        onResponderTerminationRequest={[Function]}
        onStartShouldSetResponder={[Function]}
        style={
          Object {
            "backgroundColor": "#FFFFFF",
            "borderRadius": 12,
            "elevation": 1,
            "opacity": 1,
            "paddingBottom": 12,
            "paddingLeft": 12,
            "paddingRight": 12,
            "paddingTop": 12,
            "shadowColor": "rgba(33, 33, 33, 0.1)",
            "shadowOffset": Object {
              "height": 0,
              "width": 0,
            },
            "shadowOpacity": 1,
            "shadowRadius": 40,
          }
        }
      >
        <View
          style={
            Object {
              "transform": Array [
                Object {
                  "scale": 1,
                },
              ],
            }
          }
        >
          <RNSVGSvgView
            align="xMidYMid"
            bbHeight={24}
            bbWidth={24}
            fill="#212121"
            focusable={false}
            height={24}
            meetOrSlice={0}
            minX={0}
            minY={0}
            style={
              Array [
                Object {
                  "backgroundColor": "transparent",
                  "borderWidth": 0,
                },
                Object {
                  "flex": 0,
                  "height": 24,
                  "width": 24,
                },
              ]
            }
            vbHeight={24}
            vbWidth={24}
            width={24}
          >
            <RNSVGGroup
              fill={4280361249}
              propList={
                Array [
                  "fill",
                ]
              }
            >
              <RNSVGGroup>
                <RNSVGGroup>
                  <RNSVGRect
                    height="24"
                    opacity={0}
                    width="24"
                    x={0}
                    y={0}
                  />
                  <RNSVGPath
                    d="M18.28 8.37a1 1 0 1 0-1.56 1.26 4 4 0 0 1 0 4.74A1 1 0 0 0 17.5 16a1 1 0 0 0 .78-.37 6 6 0 0 0 0-7.26z"
                  />
                  <RNSVGPath
                    d="M19.64 5.23a1 1 0 1 0-1.28 1.54A6.8 6.8 0 0 1 21 12a6.8 6.8 0 0 1-2.64 5.23 1 1 0 0 0-.13 1.41A1 1 0 0 0 19 19a1 1 0 0 0 .64-.23A8.75 8.75 0 0 0 23 12a8.75 8.75 0 0 0-3.36-6.77z"
                  />
                  <RNSVGPath
                    d="M15 3.12a1 1 0 0 0-1 0L7.52 7.57h-5a1 1 0 0 0-1 1v6.86a1 1 0 0 0 1 1h5l6.41 4.4a1.06 1.06 0 0 0 .57.17 1 1 0 0 0 1-1V4a1 1 0 0 0-.5-.88zm-1.47 15L8.4 14.6a1 1 0 0 0-.57-.17H3.5V9.57h4.33a1 1 0 0 0 .57-.17l5.1-3.5z"
                  />
                </RNSVGGroup>
              </RNSVGGroup>
            </RNSVGGroup>
          </RNSVGSvgView>
        </View>
      </View>
    </View>
  </View>
</RNCSafeAreaView>
`;

exports[`HeaderWithLogo should render correctly with RTL 1`] = `
<RNCSafeAreaView
  style={
    Array [
      Object {
        "backgroundColor": "transparent",
        "zIndex": 2,
      },
    ]
  }
>
  <View
    isRTL={false}
    style={
      Array [
        Object {
          "alignItems": "center",
          "backgroundColor": "transparent",
          "display": "flex",
          "flexDirection": "row",
          "justifyContent": "space-between",
          "paddingLeft": 24,
          "paddingRight": 24,
          "paddingTop": 8,
        },
      ]
    }
  >
    <react-native-svg
      height={40}
      width={58}
    />
    <View
      style={
        Array [
          Object {
            "alignItems": "center",
            "display": "flex",
            "flexDirection": "row",
          },
        ]
      }
    >
      <View />
      <View
        accessible={true}
        focusable={false}
        onClick={[Function]}
        onResponderGrant={[Function]}
        onResponderMove={[Function]}
        onResponderRelease={[Function]}
        onResponderTerminate={[Function]}
        onResponderTerminationRequest={[Function]}
        onStartShouldSetResponder={[Function]}
        style={
          Object {
            "backgroundColor": "#FFFFFF",
            "borderRadius": 12,
            "elevation": 1,
            "opacity": 1,
            "paddingBottom": 12,
            "paddingLeft": 12,
            "paddingRight": 12,
            "paddingTop": 12,
            "shadowColor": "rgba(33, 33, 33, 0.1)",
            "shadowOffset": Object {
              "height": 0,
              "width": 0,
            },
            "shadowOpacity": 1,
            "shadowRadius": 40,
          }
        }
      >
        <View
          style={
            Object {
              "transform": Array [
                Object {
                  "scale": 1,
                },
              ],
            }
          }
        >
          <RNSVGSvgView
            align="xMidYMid"
            bbHeight={24}
            bbWidth={24}
            fill="#212121"
            focusable={false}
            height={24}
            meetOrSlice={0}
            minX={0}
            minY={0}
            style={
              Array [
                Object {
                  "backgroundColor": "transparent",
                  "borderWidth": 0,
                },
                Object {
                  "flex": 0,
                  "height": 24,
                  "width": 24,
                },
              ]
            }
            vbHeight={24}
            vbWidth={24}
            width={24}
          >
            <RNSVGGroup
              fill={4280361249}
              propList={
                Array [
                  "fill",
                ]
              }
            >
              <RNSVGGroup>
                <RNSVGGroup>
                  <RNSVGRect
                    height="24"
                    opacity={0}
                    width="24"
                    x={0}
                    y={0}
                  />
                  <RNSVGPath
                    d="M18.28 8.37a1 1 0 1 0-1.56 1.26 4 4 0 0 1 0 4.74A1 1 0 0 0 17.5 16a1 1 0 0 0 .78-.37 6 6 0 0 0 0-7.26z"
                  />
                  <RNSVGPath
                    d="M19.64 5.23a1 1 0 1 0-1.28 1.54A6.8 6.8 0 0 1 21 12a6.8 6.8 0 0 1-2.64 5.23 1 1 0 0 0-.13 1.41A1 1 0 0 0 19 19a1 1 0 0 0 .64-.23A8.75 8.75 0 0 0 23 12a8.75 8.75 0 0 0-3.36-6.77z"
                  />
                  <RNSVGPath
                    d="M15 3.12a1 1 0 0 0-1 0L7.52 7.57h-5a1 1 0 0 0-1 1v6.86a1 1 0 0 0 1 1h5l6.41 4.4a1.06 1.06 0 0 0 .57.17 1 1 0 0 0 1-1V4a1 1 0 0 0-.5-.88zm-1.47 15L8.4 14.6a1 1 0 0 0-.57-.17H3.5V9.57h4.33a1 1 0 0 0 .57-.17l5.1-3.5z"
                  />
                </RNSVGGroup>
              </RNSVGGroup>
            </RNSVGGroup>
          </RNSVGSvgView>
        </View>
      </View>
    </View>
  </View>
</RNCSafeAreaView>
`;
