// Jest Snapshot v1, https://goo.gl/fbAQLP

exports[`LanguageChoiceModal should render correctly 1`] = `
<Modal
  animationType="none"
  deviceHeight={null}
  deviceWidth={null}
  hardwareAccelerated={false}
  hideModalContentWhileAnimating={false}
  onBackdropPress={[MockFunction]}
  onModalHide={[Function]}
  onModalWillHide={[Function]}
  onModalWillShow={[Function]}
  onRequestClose={[Function]}
  panResponderThreshold={4}
  scrollHorizontal={false}
  scrollOffset={0}
  scrollOffsetMax={0}
  scrollTo={null}
  supportedOrientations={
    Array [
      "portrait",
      "landscape",
    ]
  }
  swipeThreshold={100}
  transparent={true}
  visible={false}
>
  <View
    accessible={true}
    focusable={true}
    forwardedRef={[Function]}
    onClick={[Function]}
    onResponderGrant={[Function]}
    onResponderMove={[Function]}
    onResponderRelease={[Function]}
    onResponderTerminate={[Function]}
    onResponderTerminationRequest={[Function]}
    onStartShouldSetResponder={[Function]}
    style={
      Object {
        "backgroundColor": "black",
        "bottom": 0,
        "height": 1334,
        "left": 0,
        "opacity": 0,
        "position": "absolute",
        "right": 0,
        "top": 0,
        "width": 750,
      }
    }
  />
  <View
    deviceHeight={null}
    deviceWidth={null}
    forwardedRef={[Function]}
    hideModalContentWhileAnimating={false}
    onBackdropPress={[MockFunction]}
    onModalHide={[Function]}
    onModalWillHide={[Function]}
    onModalWillShow={[Function]}
    panResponderThreshold={4}
    pointerEvents="box-none"
    scrollHorizontal={false}
    scrollOffset={0}
    scrollOffsetMax={0}
    scrollTo={null}
    style={
      Object {
        "flex": 1,
        "justifyContent": "flex-end",
        "margin": 0,
        "transform": Array [
          Object {
            "translateY": 0,
          },
        ],
      }
    }
    supportedOrientations={
      Array [
        "portrait",
        "landscape",
      ]
    }
    swipeThreshold={100}
  >
    <View
      style={
        Array [
          Object {
            "backgroundColor": "#F6F6F6",
            "borderTopLeftRadius": 12,
            "borderTopRightRadius": 12,
            "display": "flex",
            "paddingHorizontal": 24,
            "paddingVertical": 8,
          },
        ]
      }
    >
      <Text
        style={
          Array [
            Object {
              "alignSelf": "center",
              "fontFamily": "circularBold",
              "fontSize": 19,
              "lineHeight": 24,
              "marginTop": 24,
              "textAlign": "left",
            },
          ]
        }
      >
        Langue app
      </Text>
      <RCTScrollView
        style={
          Array [
            Object {
              "marginBottom": 8,
              "marginTop": 16,
            },
          ]
        }
      >
        <View>
          <View>
            <View
              accessible={true}
              focusable={true}
              onClick={[Function]}
              onResponderGrant={[Function]}
              onResponderMove={[Function]}
              onResponderRelease={[Function]}
              onResponderTerminate={[Function]}
              onResponderTerminationRequest={[Function]}
              onStartShouldSetResponder={[Function]}
              style={
                Object {
                  "alignItems": "center",
                  "backgroundColor": "#F6F6F6",
                  "borderRadius": 12,
                  "display": "flex",
                  "flexDirection": "row",
                  "flexWrap": "wrap",
                  "justifyContent": "space-between",
                  "opacity": 1,
                  "paddingBottom": 16,
                  "paddingLeft": 16,
                  "paddingRight": 16,
                  "paddingTop": 16,
                }
              }
              testID="test-language-button-Français"
            >
              <View
                style={
                  Array [
                    Object {
                      "alignItems": "center",
                      "display": "flex",
                      "flexDirection": "row",
                    },
                  ]
                }
              >
                <View
                  style={
                    Array [
                      Object {
                        "alignItems": "center",
                        "backgroundColor": "#FFFFFF",
                        "borderRadius": 4,
                        "display": "flex",
                        "height": 17,
                        "justifyContent": "center",
                        "marginBottom": 4,
                        "marginLeft": 4,
                        "marginRight": 4,
                        "marginTop": 4,
                        "width": 22,
                      },
                    ]
                  }
                >
                  <react-native-svg
                    height={15}
                    width={20}
                  />
                </View>
                <Text
                  isSelected={false}
                  style={
                    Array [
                      Object {
                        "color": "#212121",
                        "flexShrink": 1,
                        "fontFamily": "circularBold",
                        "fontSize": 16,
                        "lineHeight": 20,
                        "marginLeft": 8,
                        "textAlign": "left",
                      },
                    ]
                  }
                >
                  Français
                </Text>
              </View>
            </View>
            <View
              style={
                Array [
                  Object {
                    "backgroundColor": "#EDEBEB",
                    "height": 1,
                    "marginLeft": 16,
                    "marginRight": 16,
                  },
                ]
              }
            />
          </View>
          <View>
            <View
              accessible={true}
              focusable={true}
              onClick={[Function]}
              onResponderGrant={[Function]}
              onResponderMove={[Function]}
              onResponderRelease={[Function]}
              onResponderTerminate={[Function]}
              onResponderTerminationRequest={[Function]}
              onStartShouldSetResponder={[Function]}
              style={
                Object {
                  "alignItems": "center",
                  "backgroundColor": "#F6F6F6",
                  "borderRadius": 12,
                  "display": "flex",
                  "flexDirection": "row",
                  "flexWrap": "wrap",
                  "justifyContent": "space-between",
                  "opacity": 1,
                  "paddingBottom": 16,
                  "paddingLeft": 16,
                  "paddingRight": 16,
                  "paddingTop": 16,
                }
              }
              testID="test-language-button-Persan/Dari"
            >
              <View
                style={
                  Array [
                    Object {
                      "alignItems": "center",
                      "display": "flex",
                      "flexDirection": "row",
                    },
                  ]
                }
              >
                <View
                  style={
                    Array [
                      Object {
                        "alignItems": "center",
                        "backgroundColor": "#FFFFFF",
                        "borderRadius": 4,
                        "display": "flex",
                        "height": 17,
                        "justifyContent": "center",
                        "marginBottom": 4,
                        "marginLeft": 4,
                        "marginRight": 4,
                        "marginTop": 4,
                        "width": 22,
                      },
                    ]
                  }
                >
                  <react-native-svg
                    height={15}
                    width={20}
                  />
                </View>
                <Text
                  isSelected={false}
                  style={
                    Array [
                      Object {
                        "color": "#212121",
                        "flexShrink": 1,
                        "fontFamily": "circularBold",
                        "fontSize": 16,
                        "lineHeight": 20,
                        "marginLeft": 8,
                        "textAlign": "left",
                      },
                    ]
                  }
                >
                  Persan/Dari
                </Text>
                <View
                  style={
                    Array [
                      Object {
                        "alignItems": "center",
                        "display": "flex",
                        "flexDirection": "row",
                      },
                    ]
                  }
                >
                  <Text
                    isSelected={false}
                    style={
                      Array [
                        Object {
                          "color": "#212121",
                          "fontFamily": "circularBook",
                          "fontSize": 16,
                          "lineHeight": 20,
                          "textAlign": "left",
                        },
                      ]
                    }
                  >
                     - 
                  </Text>
                  <Text
                    isSelected={false}
                    style={
                      Array [
                        Object {
                          "color": "#212121",
                          "fontFamily": "circularBook",
                          "fontSize": 16,
                          "lineHeight": 20,
                          "textAlign": "left",
                        },
                      ]
                    }
                  >
                    فارسی/ دری
                  </Text>
                </View>
              </View>
            </View>
            <View
              style={
                Array [
                  Object {
                    "backgroundColor": "#EDEBEB",
                    "height": 1,
                    "marginLeft": 16,
                    "marginRight": 16,
                  },
                ]
              }
            />
          </View>
          <View>
            <View
              accessible={true}
              focusable={true}
              onClick={[Function]}
              onResponderGrant={[Function]}
              onResponderMove={[Function]}
              onResponderRelease={[Function]}
              onResponderTerminate={[Function]}
              onResponderTerminationRequest={[Function]}
              onStartShouldSetResponder={[Function]}
              style={
                Object {
                  "alignItems": "center",
                  "backgroundColor": "#F6F6F6",
                  "borderRadius": 12,
                  "display": "flex",
                  "flexDirection": "row",
                  "flexWrap": "wrap",
                  "justifyContent": "space-between",
                  "opacity": 1,
                  "paddingBottom": 16,
                  "paddingLeft": 16,
                  "paddingRight": 16,
                  "paddingTop": 16,
                }
              }
              testID="test-language-button-Arabe"
            >
              <View
                style={
                  Array [
                    Object {
                      "alignItems": "center",
                      "display": "flex",
                      "flexDirection": "row",
                    },
                  ]
                }
              >
                <View
                  style={
                    Array [
                      Object {
                        "alignItems": "center",
                        "backgroundColor": "#FFFFFF",
                        "borderRadius": 4,
                        "display": "flex",
                        "height": 17,
                        "justifyContent": "center",
                        "marginBottom": 4,
                        "marginLeft": 4,
                        "marginRight": 4,
                        "marginTop": 4,
                        "width": 22,
                      },
                    ]
                  }
                >
                  <react-native-svg
                    height={15}
                    width={20}
                  />
                </View>
                <Text
                  isSelected={false}
                  style={
                    Array [
                      Object {
                        "color": "#212121",
                        "flexShrink": 1,
                        "fontFamily": "circularBold",
                        "fontSize": 16,
                        "lineHeight": 20,
                        "marginLeft": 8,
                        "textAlign": "left",
                      },
                    ]
                  }
                >
                  Arabe
                </Text>
                <View
                  style={
                    Array [
                      Object {
                        "alignItems": "center",
                        "display": "flex",
                        "flexDirection": "row",
                      },
                    ]
                  }
                >
                  <Text
                    isSelected={false}
                    style={
                      Array [
                        Object {
                          "color": "#212121",
                          "fontFamily": "circularBook",
                          "fontSize": 16,
                          "lineHeight": 20,
                          "textAlign": "left",
                        },
                      ]
                    }
                  >
                     - 
                  </Text>
                  <Text
                    isSelected={false}
                    style={
                      Array [
                        Object {
                          "color": "#212121",
                          "fontFamily": "circularBook",
                          "fontSize": 16,
                          "lineHeight": 20,
                          "textAlign": "left",
                        },
                      ]
                    }
                  >
                    العربية
                  </Text>
                </View>
              </View>
            </View>
            <View
              style={
                Array [
                  Object {
                    "backgroundColor": "#EDEBEB",
                    "height": 1,
                    "marginLeft": 16,
                    "marginRight": 16,
                  },
                ]
              }
            />
          </View>
          <View>
            <View
              accessible={true}
              focusable={true}
              onClick={[Function]}
              onResponderGrant={[Function]}
              onResponderMove={[Function]}
              onResponderRelease={[Function]}
              onResponderTerminate={[Function]}
              onResponderTerminationRequest={[Function]}
              onStartShouldSetResponder={[Function]}
              style={
                Object {
                  "alignItems": "center",
                  "backgroundColor": "#F6F6F6",
                  "borderRadius": 12,
                  "display": "flex",
                  "flexDirection": "row",
                  "flexWrap": "wrap",
                  "justifyContent": "space-between",
                  "opacity": 1,
                  "paddingBottom": 16,
                  "paddingLeft": 16,
                  "paddingRight": 16,
                  "paddingTop": 16,
                }
              }
              testID="test-language-button-Anglais"
            >
              <View
                style={
                  Array [
                    Object {
                      "alignItems": "center",
                      "display": "flex",
                      "flexDirection": "row",
                    },
                  ]
                }
              >
                <View
                  style={
                    Array [
                      Object {
                        "alignItems": "center",
                        "backgroundColor": "#FFFFFF",
                        "borderRadius": 4,
                        "display": "flex",
                        "height": 17,
                        "justifyContent": "center",
                        "marginBottom": 4,
                        "marginLeft": 4,
                        "marginRight": 4,
                        "marginTop": 4,
                        "width": 22,
                      },
                    ]
                  }
                >
                  <react-native-svg
                    height={15}
                    width={20}
                  />
                </View>
                <Text
                  isSelected={false}
                  style={
                    Array [
                      Object {
                        "color": "#212121",
                        "flexShrink": 1,
                        "fontFamily": "circularBold",
                        "fontSize": 16,
                        "lineHeight": 20,
                        "marginLeft": 8,
                        "textAlign": "left",
                      },
                    ]
                  }
                >
                  Anglais
                </Text>
                <View
                  style={
                    Array [
                      Object {
                        "alignItems": "center",
                        "display": "flex",
                        "flexDirection": "row",
                      },
                    ]
                  }
                >
                  <Text
                    isSelected={false}
                    style={
                      Array [
                        Object {
                          "color": "#212121",
                          "fontFamily": "circularBook",
                          "fontSize": 16,
                          "lineHeight": 20,
                          "textAlign": "left",
                        },
                      ]
                    }
                  >
                     - 
                  </Text>
                  <Text
                    isSelected={false}
                    style={
                      Array [
                        Object {
                          "color": "#212121",
                          "fontFamily": "circularBook",
                          "fontSize": 16,
                          "lineHeight": 20,
                          "textAlign": "left",
                        },
                      ]
                    }
                  >
                    English
                  </Text>
                </View>
              </View>
            </View>
            <View
              style={
                Array [
                  Object {
                    "backgroundColor": "#EDEBEB",
                    "height": 1,
                    "marginLeft": 16,
                    "marginRight": 16,
                  },
                ]
              }
            />
          </View>
          <View>
            <View
              accessible={true}
              focusable={true}
              onClick={[Function]}
              onResponderGrant={[Function]}
              onResponderMove={[Function]}
              onResponderRelease={[Function]}
              onResponderTerminate={[Function]}
              onResponderTerminationRequest={[Function]}
              onStartShouldSetResponder={[Function]}
              style={
                Object {
                  "alignItems": "center",
                  "backgroundColor": "#F6F6F6",
                  "borderRadius": 12,
                  "display": "flex",
                  "flexDirection": "row",
                  "flexWrap": "wrap",
                  "justifyContent": "space-between",
                  "opacity": 1,
                  "paddingBottom": 16,
                  "paddingLeft": 16,
                  "paddingRight": 16,
                  "paddingTop": 16,
                }
              }
              testID="test-language-button-Pachto"
            >
              <View
                style={
                  Array [
                    Object {
                      "alignItems": "center",
                      "display": "flex",
                      "flexDirection": "row",
                    },
                  ]
                }
              >
                <View
                  style={
                    Array [
                      Object {
                        "alignItems": "center",
                        "backgroundColor": "#FFFFFF",
                        "borderRadius": 4,
                        "display": "flex",
                        "height": 17,
                        "justifyContent": "center",
                        "marginBottom": 4,
                        "marginLeft": 4,
                        "marginRight": 4,
                        "marginTop": 4,
                        "width": 22,
                      },
                    ]
                  }
                >
                  <react-native-svg
                    height={15}
                    width={20}
                  />
                </View>
                <Text
                  isSelected={false}
                  style={
                    Array [
                      Object {
                        "color": "#212121",
                        "flexShrink": 1,
                        "fontFamily": "circularBold",
                        "fontSize": 16,
                        "lineHeight": 20,
                        "marginLeft": 8,
                        "textAlign": "left",
                      },
                    ]
                  }
                >
                  Pachto
                </Text>
                <View
                  style={
                    Array [
                      Object {
                        "alignItems": "center",
                        "display": "flex",
                        "flexDirection": "row",
                      },
                    ]
                  }
                >
                  <Text
                    isSelected={false}
                    style={
                      Array [
                        Object {
                          "color": "#212121",
                          "fontFamily": "circularBook",
                          "fontSize": 16,
                          "lineHeight": 20,
                          "textAlign": "left",
                        },
                      ]
                    }
                  >
                     - 
                  </Text>
                  <Text
                    isSelected={false}
                    style={
                      Array [
                        Object {
                          "color": "#212121",
                          "fontFamily": "circularBook",
                          "fontSize": 16,
                          "lineHeight": 20,
                          "textAlign": "left",
                        },
                      ]
                    }
                  >
                    پښتو
                  </Text>
                </View>
              </View>
            </View>
            <View
              style={
                Array [
                  Object {
                    "backgroundColor": "#EDEBEB",
                    "height": 1,
                    "marginLeft": 16,
                    "marginRight": 16,
                  },
                ]
              }
            />
          </View>
          <View>
            <View
              accessible={true}
              focusable={true}
              onClick={[Function]}
              onResponderGrant={[Function]}
              onResponderMove={[Function]}
              onResponderRelease={[Function]}
              onResponderTerminate={[Function]}
              onResponderTerminationRequest={[Function]}
              onStartShouldSetResponder={[Function]}
              style={
                Object {
                  "alignItems": "center",
                  "backgroundColor": "#F6F6F6",
                  "borderRadius": 12,
                  "display": "flex",
                  "flexDirection": "row",
                  "flexWrap": "wrap",
                  "justifyContent": "space-between",
                  "opacity": 1,
                  "paddingBottom": 16,
                  "paddingLeft": 16,
                  "paddingRight": 16,
                  "paddingTop": 16,
                }
              }
              testID="test-language-button-Russe"
            >
              <View
                style={
                  Array [
                    Object {
                      "alignItems": "center",
                      "display": "flex",
                      "flexDirection": "row",
                    },
                  ]
                }
              >
                <View
                  style={
                    Array [
                      Object {
                        "alignItems": "center",
                        "backgroundColor": "#FFFFFF",
                        "borderRadius": 4,
                        "display": "flex",
                        "height": 17,
                        "justifyContent": "center",
                        "marginBottom": 4,
                        "marginLeft": 4,
                        "marginRight": 4,
                        "marginTop": 4,
                        "width": 22,
                      },
                    ]
                  }
                >
                  <react-native-svg
                    height={15}
                    width={20}
                  />
                </View>
                <Text
                  isSelected={false}
                  style={
                    Array [
                      Object {
                        "color": "#212121",
                        "flexShrink": 1,
                        "fontFamily": "circularBold",
                        "fontSize": 16,
                        "lineHeight": 20,
                        "marginLeft": 8,
                        "textAlign": "left",
                      },
                    ]
                  }
                >
                  Russe
                </Text>
                <View
                  style={
                    Array [
                      Object {
                        "alignItems": "center",
                        "display": "flex",
                        "flexDirection": "row",
                      },
                    ]
                  }
                >
                  <Text
                    isSelected={false}
                    style={
                      Array [
                        Object {
                          "color": "#212121",
                          "fontFamily": "circularBook",
                          "fontSize": 16,
                          "lineHeight": 20,
                          "textAlign": "left",
                        },
                      ]
                    }
                  >
                     - 
                  </Text>
                  <Text
                    isSelected={false}
                    style={
                      Array [
                        Object {
                          "color": "#212121",
                          "fontFamily": "circularBook",
                          "fontSize": 16,
                          "lineHeight": 20,
                          "textAlign": "left",
                        },
                      ]
                    }
                  >
                    Русский
                  </Text>
                </View>
              </View>
            </View>
            <View
              style={
                Array [
                  Object {
                    "backgroundColor": "#EDEBEB",
                    "height": 1,
                    "marginLeft": 16,
                    "marginRight": 16,
                  },
                ]
              }
            />
          </View>
          <View>
            <View
              accessible={true}
              focusable={true}
              onClick={[Function]}
              onResponderGrant={[Function]}
              onResponderMove={[Function]}
              onResponderRelease={[Function]}
              onResponderTerminate={[Function]}
              onResponderTerminationRequest={[Function]}
              onStartShouldSetResponder={[Function]}
              style={
                Object {
                  "alignItems": "center",
                  "backgroundColor": "#F6F6F6",
                  "borderRadius": 12,
                  "display": "flex",
                  "flexDirection": "row",
                  "flexWrap": "wrap",
                  "justifyContent": "space-between",
                  "opacity": 1,
                  "paddingBottom": 16,
                  "paddingLeft": 16,
                  "paddingRight": 16,
                  "paddingTop": 16,
                }
              }
              testID="test-language-button-Tigrinya"
            >
              <View
                style={
                  Array [
                    Object {
                      "alignItems": "center",
                      "display": "flex",
                      "flexDirection": "row",
                    },
                  ]
                }
              >
                <View
                  style={
                    Array [
                      Object {
                        "alignItems": "center",
                        "backgroundColor": "#FFFFFF",
                        "borderRadius": 4,
                        "display": "flex",
                        "height": 17,
                        "justifyContent": "center",
                        "marginBottom": 4,
                        "marginLeft": 4,
                        "marginRight": 4,
                        "marginTop": 4,
                        "width": 22,
                      },
                    ]
                  }
                >
                  <react-native-svg
                    height={15}
                    width={20}
                  />
                </View>
                <Text
                  isSelected={false}
                  style={
                    Array [
                      Object {
                        "color": "#212121",
                        "flexShrink": 1,
                        "fontFamily": "circularBold",
                        "fontSize": 16,
                        "lineHeight": 20,
                        "marginLeft": 8,
                        "textAlign": "left",
                      },
                    ]
                  }
                >
                  Tigrinya
                </Text>
                <View
                  style={
                    Array [
                      Object {
                        "alignItems": "center",
                        "display": "flex",
                        "flexDirection": "row",
                      },
                    ]
                  }
                >
                  <Text
                    isSelected={false}
                    style={
                      Array [
                        Object {
                          "color": "#212121",
                          "fontFamily": "circularBook",
                          "fontSize": 16,
                          "lineHeight": 20,
                          "textAlign": "left",
                        },
                      ]
                    }
                  >
                     - 
                  </Text>
                  <Text
                    isSelected={false}
                    style={
                      Array [
                        Object {
                          "color": "#212121",
                          "fontFamily": "circularBook",
                          "fontSize": 16,
                          "lineHeight": 20,
                          "textAlign": "left",
                        },
                      ]
                    }
                  >
                    ትግርኛ
                  </Text>
                </View>
              </View>
            </View>
          </View>
        </View>
      </RCTScrollView>
      <View
        accessible={true}
        focusable={true}
        onClick={[Function]}
        onResponderGrant={[Function]}
        onResponderMove={[Function]}
        onResponderRelease={[Function]}
        onResponderTerminate={[Function]}
        onResponderTerminationRequest={[Function]}
        onStartShouldSetResponder={[Function]}
        style={
          Object {
            "alignItems": "center",
            "backgroundColor": "#FFFFFF",
            "borderRadius": 12,
            "display": "flex",
            "elevation": 1,
            "flexDirection": "row",
            "height": 56,
            "justifyContent": "center",
            "opacity": 1,
            "paddingBottom": 18,
            "paddingLeft": 18,
            "paddingRight": 18,
            "paddingTop": 18,
            "shadowColor": "rgba(33, 33, 33, 0.24)",
            "shadowOffset": Object {
              "height": 8,
              "width": 0,
            },
            "shadowOpacity": 1,
            "shadowRadius": 16,
            "width": "100%",
          }
        }
        testID="test-custom-button-Fermer"
      >
        <Text
          style={
            Array [
              Object {
                "color": "#212121",
                "fontFamily": "circularBook",
                "fontSize": 16,
                "lineHeight": 20,
                "marginLeft": 0,
                "marginRight": 8,
                "textAlign": "left",
              },
            ]
          }
          textColor="#212121"
        />
      </View>
    </View>
  </View>
</Modal>
`;
