// Jest Snapshot v1, https://goo.gl/fbAQLP

exports[`LanguageChoiceModal should render correctly 1`] = `null`;
