// Jest Snapshot v1, https://goo.gl/fbAQLP

exports[`HeaderWithLogo should render correctly with LTR 1`] = `
<View
  style={
    Object {
      "paddingBottom": 8,
      "paddingTop": undefined,
    }
  }
>
  <View
    isRTL={false}
    style={
      Array [
        Object {
          "alignItems": "center",
          "display": "flex",
          "flexDirection": "row",
          "justifyContent": "space-between",
          "paddingHorizontal": 24,
          "paddingTop": 8,
        },
      ]
    }
  >
    <react-native-svg
      accessibilityLabel="Réfugiés point info"
      height={40}
      width={58}
    />
    <View
      style={
        Array [
          Object {
            "alignItems": "center",
            "display": "flex",
            "flexDirection": "row",
          },
        ]
      }
    >
      <View />
    </View>
  </View>
</View>
`;

exports[`HeaderWithLogo should render correctly with RTL 1`] = `
<View
  style={
    Object {
      "paddingBottom": 8,
      "paddingTop": undefined,
    }
  }
>
  <View
    isRTL={false}
    style={
      Array [
        Object {
          "alignItems": "center",
          "display": "flex",
          "flexDirection": "row",
          "justifyContent": "space-between",
          "paddingHorizontal": 24,
          "paddingTop": 8,
        },
      ]
    }
  >
    <react-native-svg
      accessibilityLabel="Réfugiés point info"
      height={40}
      width={58}
    />
    <View
      style={
        Array [
          Object {
            "alignItems": "center",
            "display": "flex",
            "flexDirection": "row",
          },
        ]
      }
    >
      <View />
    </View>
  </View>
</View>
`;
